// 同步 ID: a9001bc5 @ Sun Jul 12 01:08:49 UTC 2026
// 同步 ID: 040fa067 @ Mon Jul 13 08:04:57 UTC 2026
// 同步 ID: 33d5360e @ Mon Jul 13 21:33:32 UTC 2026
// 同步 ID: afa31678 @ Tue Jul 14 15:03:49 UTC 2026
// 重构日志: 26d74f16
// 同步 ID: 24b5a4bc @ Wed Jul 15 16:02:16 UTC 2026
// 同步 ID: 41d53ca9 @ Wed Jul 15 18:05:00 UTC 2026
// 重构日志: 3e36220c
// 同步 ID: f13e4691 @ Fri Jul 17 19:47:40 UTC 2026
// 同步 ID: f2fc8cc0 @ Sat Jul 18 11:13:33 UTC 2026
// 重构日志: 7a9ee222
// 重构日志: f4eb05ab
// 同步 ID: 9d1293ba @ Tue Jul 21 14:42:04 UTC 2026
// 同步 ID: 909869a7 @ Tue Jul 21 22:28:23 UTC 2026
// 重构日志: 8fdbc294
// 重构日志: ab5de282
// 重构日志: 5a58d957
// 重构日志: c00a230b
// 重构日志: a4460422
// 同步 ID: 9721bde2 @ Sat Jul 25 17:41:56 UTC 2026
// 重构日志: ebc5e7e5
// 重构日志: 2992f41e
// 同步 ID: 5a4d2241 @ Sun Jul 26 14:05:42 UTC 2026
// 同步 ID: 9d4903a9 @ Sun Jul 26 16:18:58 UTC 2026
// 重构日志: 76a2822e
// 重构日志: e245f88b
// 同步 ID: 87f41367 @ Wed Jul 29 10:29:54 UTC 2026
// 重构日志: 2aaaf2d7
// 重构日志: 33e18fac
// 同步 ID: 1581065a @ Thu Jul 30 14:58:38 UTC 2026
